2025/06/24 00:15:08 开始获取数据，开始时间: 2025-06-24 00:15:08
2025/06/24 00:38:33 code: 252, message: Too many partitions for single INSERT block (more than 100). The limit is controlled by 'max_partitions_per_insert_block' setting. Large number of partitions is a common misconception. It will lead to severe negative performance impact, including slow server startup, slow INSERT queries and slow SELECT queries. Recommended total number of partitions for a table is under 1000..10000. Please note, that partitioning is not intended to speed up SELECT queries (ORDER BY key is sufficient to make range queries fast). Partitions are intended for data manipulation (DROP PARTITION, etc).
2025/06/24 15:07:16 开始获取数据，开始时间: 2025-06-24 15:07:16
2025/06/24 15:25:12 Get "https://fapi.binance.com/fapi/v1/klines?symbol=BTCUSDT&interval=1m&limit=1000&startTime=1582148833361&endTime=1582208833361": unexpected EOF
2025/06/24 16:50:52 开始获取数据，开始时间: 2025-06-24 16:50:52
2025/06/24 17:16:42 JSON 解析失败: json: cannot unmarshal object into Go value of type [][]interface {}
2025/06/24 17:20:42 开始获取数据，开始时间: 2025-06-24 17:20:42
2025/06/24 17:20:43 JSON 解析失败: json: cannot unmarshal object into Go value of type [][]interface {}
2025/06/24 17:22:23 开始获取数据，开始时间: 2025-06-24 17:22:23
2025/06/24 17:22:24 JSON 解析失败: json: cannot unmarshal object into Go value of type [][]interface {}, body: {"code":-1023,"msg":"Start time is greater than end time."}
2025/06/24 17:23:50 开始获取数据，开始时间: 2025-06-24 17:23:50
2025/06/24 17:23:51 JSON 解析失败: json: cannot unmarshal object into Go value of type [][]interface {}, body: {"code":-1023,"msg":"Start time is greater than end time."}
2025/06/24 21:32:15 开始获取数据，开始时间: 2025-06-24 21:32:15
2025/06/24 21:32:16 数据获取完成，结束时间: 2025-06-24 21:32:16
2025/06/24 21:32:16 总耗时: 1.212051619s
2025/06/24 21:37:42 开始获取数据，开始时间: 2025-06-24 21:37:42
2025/06/24 21:37:46 数据获取完成，结束时间: 2025-06-24 21:37:46
2025/06/24 21:37:46 总耗时: 3.688457893s
2025/06/24 21:42:36 开始获取数据，开始时间: 2025-06-24 21:42:36
2025/06/24 21:42:38 数据获取完成，结束时间: 2025-06-24 21:42:38
2025/06/24 21:42:38 总耗时: 1.686878268s
